name|age|height|songs
Jaejoong|33|179|Fallen leaves
Junsu|32|178|Fallen leaves
Yoochun|33|180|Fallen leaves
Jaejoong|33|179|Love in the ice
Junsu|32|178|Love in the ice
Yoochun|33|180|Love in the ice
